// Jest Snapshot v1, https://goo.gl/fbAQLP

exports[` <StoryBook /> should be render icon 1`] = `<div />`;
